// Jest Snapshot v1, https://goo.gl/fbAQLP

exports[`Render Container component 1`] = `
.c0 {
  max-width: 1024px;
  margin: 0 auto;
  text-align: center;
  padding-left: 8px;
  padding-right: 8px;
  padding-bottom: 80px;
}

<div>
  <main
    class="c0"
  />
</div>
`;
