// Jest Snapshot v1, https://goo.gl/fbAQLP

exports[`Render Item component 1`] = `
.c0 {
  display: -webkit-box;
  display: -webkit-flex;
  display: -ms-flexbox;
  display: flex;
  -webkit-align-items: center;
  -webkit-box-align: center;
  -ms-flex-align: center;
  align-items: center;
  -webkit-flex-direction: column;
  -ms-flex-direction: column;
  flex-direction: column;
  border-radius: 0.125rem;
  background: #fff;
  margin-top: 1.5rem;
  padding: 1rem 1.5rem;
  font-size: 1.25rem;
  text-align: start;
  overflow: hidden;
  text-overflow: ellipsis;
  white-space: nowrap;
  -webkit-transition: all 300ms ease 0s;
  transition: all 300ms ease 0s;
}

.c0 a,
.c0 span {
  font-size: 0.9rem;
  -webkit-text-decoration: none;
  text-decoration: none;
  color: #3a10e5;
  margin-top: 8px;
  cursor: pointer;
}

.c0 a:hover,
.c0 span:hover {
  font-weight: 600;
}

.c0 hr {
  width: 100%;
}

.c0:hover {
  box-shadow: 4px 8px #10162f;
}

<div>
  <div
    class="c0"
  />
</div>
`;
